// Jest Snapshot v1, https://goo.gl/fbAQLP

exports[`Footer to match snapshot 1`] = `
<div>
  <footer>
    <div
      class="MuiContainer-root MuiContainer-maxWidthLg css-1oqqzyl-MuiContainer-root"
    >
      <div
        class="py-8"
      >
        Â© 2023 HOM
      </div>
    </div>
  </footer>
</div>
`;
